// Jest Snapshot v1, https://goo.gl/fbAQLP

exports[`<Base /> should match snapshot for default styles 1`] = `
.c0 {
  display: block;
}

.c1 {
  width: 100%;
  padding-top: 5.6rem;
  padding-bottom: 5.6rem;
  padding-right: 1.6rem;
  padding-left: 1.6rem;
  margin-right: auto;
  margin-left: auto;
}

.c2 {
  display: -webkit-box;
  display: -webkit-flex;
  display: -ms-flexbox;
  display: flex;
  -webkit-flex-wrap: wrap;
  -ms-flex-wrap: wrap;
  flex-wrap: wrap;
  margin-top: 0;
  margin-right: 2.6rem;
  margin-left: 2.6rem;
}

@media (max-width:768px) {
  .c1 {
    max-width: 540px;
  }
}

@media (min-width:1300px) {
  .c1 {
    max-width: 1230px;
  }
}

<main
  class="c0"
>
  <div
    class="c1"
  >
    <div
      class="c2"
    >
      test
    </div>
  </div>
</main>
`;
